(TptpOfficialReaderExpressionInspectionV1 typing (LCons (tptp-rec:word-lower "p") (LCons (tptp-rec:map-type (tptp-rec:type-defined (tptp-rec:word-defined "$i")) (tptp-rec:type-defined (tptp-rec:word-defined "$o"))) LNil)) forall atom variable term-sequence (LCons (tptp-rec:var (tptp-rec:word-upper "X")) (LCons (tptp-rec:terms-nil) LNil)) term-sequence (LCons (tptp-rec:var (tptp-rec:word-upper "X")) (LCons (tptp-rec:terms-nil) LNil)) variable-sequence LNil (TPTP:UnsupportedExpression (not-an-expression)) (TPTP:UnsupportedExpression (not-an-expression)))
